  Stack.c
  test.c
  正在生成代码...
D:\就业课代码\数据结构\Stack_11_12_1\Stack_11_12_1\test.c(6,27): error C2143: 语法错误: 缺少“;”(在“{”的前面)
D:\就业课代码\数据结构\Stack_11_12_1\Stack_11_12_1\test.c(9,17): error C2065: “s”: 未声明的标识符
D:\就业课代码\数据结构\Stack_11_12_1\Stack_11_12_1\test.c(9,16): error C2100: 无法取消引用类型为“int”的操作数
D:\就业课代码\数据结构\Stack_11_12_1\Stack_11_12_1\test.c(11,18): error C2065: “s”: 未声明的标识符
D:\就业课代码\数据结构\Stack_11_12_1\Stack_11_12_1\test.c(11,17): error C2100: 无法取消引用类型为“int”的操作数
D:\就业课代码\数据结构\Stack_11_12_1\Stack_11_12_1\test.c(11,31): error C2065: “s”: 未声明的标识符
D:\就业课代码\数据结构\Stack_11_12_1\Stack_11_12_1\test.c(11,30): error C2100: 无法取消引用类型为“int”的操作数
D:\就业课代码\数据结构\Stack_11_12_1\Stack_11_12_1\test.c(11,44): error C2065: “s”: 未声明的标识符
D:\就业课代码\数据结构\Stack_11_12_1\Stack_11_12_1\test.c(11,43): error C2100: 无法取消引用类型为“int”的操作数
D:\就业课代码\数据结构\Stack_11_12_1\Stack_11_12_1\test.c(13,30): error C2065: “s”: 未声明的标识符
D:\就业课代码\数据结构\Stack_11_12_1\Stack_11_12_1\test.c(13,29): error C2100: 无法取消引用类型为“int”的操作数
D:\就业课代码\数据结构\Stack_11_12_1\Stack_11_12_1\test.c(24,36): error C2065: “s”: 未声明的标识符
D:\就业课代码\数据结构\Stack_11_12_1\Stack_11_12_1\test.c(24,35): error C2100: 无法取消引用类型为“int”的操作数
D:\就业课代码\数据结构\Stack_11_12_1\Stack_11_12_1\test.c(24,63): error C2065: “s”: 未声明的标识符
D:\就业课代码\数据结构\Stack_11_12_1\Stack_11_12_1\test.c(24,62): error C2100: 无法取消引用类型为“int”的操作数
D:\就业课代码\数据结构\Stack_11_12_1\Stack_11_12_1\test.c(24,90): error C2065: “s”: 未声明的标识符
D:\就业课代码\数据结构\Stack_11_12_1\Stack_11_12_1\test.c(24,89): error C2100: 无法取消引用类型为“int”的操作数
D:\就业课代码\数据结构\Stack_11_12_1\Stack_11_12_1\test.c(30,13): error C2065: “s”: 未声明的标识符
